C51 COMPILER V9.01   CALCR                                                                 07/22/2018 15:36:09 PAGE 1   


C51 COMPILER V9.01, COMPILATION OF MODULE CALCR
OBJECT MODULE PLACED IN .\CalcR.obj
COMPILER INVOKED BY: D:\Kell\C51\BIN\C51.EXE ..\Src\CalcR.c BROWSE DEBUG OBJECTEXTEND PRINT(.\CalcR.lst) OBJECT(.\CalcR.
                    -obj)

line level    source

   1          #include "RM.h"
   2          #include "CalcR.h"
   3          
   4          sbit   capSel=P3^7;                                                             //电容选择接口
   5          extern float idata curRValue;                                   //当前测得电阻阻值
   6          extern unsigned long idata curN;                                //当前测得脉冲数
   7          extern unsigned long idata refLowRN;                    //低档位下参考脉冲数
   8          extern unsigned long idata refHighRN;                   //高档位下参考脉冲数
   9          extern bit   isAverg;
  10          
  11          
  12          extern uchar t1IntrTimes;
  13          
  14          /**
  15           * 计算脉冲数，频率和电阻
  16           * @Author   Xiaobo     Yang
  17           * @DateTime 2018-07-18
  18           * @Summury  本函数中魔鬼数字较多，为的是提高计算精度。所有数据都是在MATLAB中
             -计算后带入，切勿随意修改
  19           */
  20          void GetRVal(){
  21   1              curN=((long) t1IntrTimes)*(65536L)+(long) TH1*(256L)+TL1; // 计算脉冲次数
  22   1              if(curN==0){
  23   2                      curRValue=1e10;
  24   2                      return;
  25   2              }
  26   1              if(capSel==CAPSEL_LOWR){
  27   2                      curRValue=4.031e7F*(1.0F/curN)-1764.0F;
  28   2              }
  29   1              else{
  30   2                      curRValue=1.004e10*(1.0F/curN)-9.392e4F;
  31   2              }
  32   1              if( (capSel==CAPSEL_LOWR)&&
  33   1                      curN<350){
  34   2                      capSel=CAPSEL_HIGHR;
  35   2                      delaynms(500);
  36   2              }
  37   1              else if( (capSel==CAPSEL_HIGHR)&&
  38   1                      (curN>70000L)){
  39   2                      capSel=CAPSEL_LOWR;
  40   2                      delaynms(500);
  41   2              }
  42   1      }
  43          /**
  44           * 初始化计算R有关的全局变量
  45           * @Author   Xiaobo     Yang
  46           * @DateTime 2018-07-22
  47           * @Summury
  48           */
  49          void InitialCalcR(){
  50   1              capSel=CAPSEL_LOWR;                             //重置所有全局变量
  51   1              curRValue=0;
  52   1              curN=0;
  53   1              refLowRN=0;
C51 COMPILER V9.01   CALCR                                                                 07/22/2018 15:36:09 PAGE 2   

  54   1              refHighRN=0;
  55   1              isAverg=0;
  56   1      }


MODULE INFORMATION:   STATIC OVERLAYABLE
   CODE SIZE        =    306    ----
   CONSTANT SIZE    =   ----    ----
   XDATA SIZE       =   ----    ----
   PDATA SIZE       =   ----    ----
   DATA SIZE        =   ----    ----
   IDATA SIZE       =   ----    ----
   BIT SIZE         =   ----    ----
END OF MODULE INFORMATION.


C51 COMPILATION COMPLETE.  0 WARNING(S),  0 ERROR(S)
